// Jest Snapshot v1, https://goo.gl/fbAQLP

exports[`Whether the logged in user name was rendered 1`] = `
<p>
  Joana Fonseca Gomes
</p>
`;
